IDX297= 755
'/45.23/67.02, 再確認 10.04/23.87/47.97) の両方が同一「298 度目枠」を uncommitted で記録, 全 window ≥20 で全 <20 不成立の為 高負荷続行; HEAD は 61468ab [297 度目枠 = 1330 skip commit, src/ 変更なし - '
has_298: True
SA@ 427 '915 assertions | テスト | 3 | 両ランタイム実測 357 '
SA@ 475 '915 assertions 與 本次 **298 度目枠** 2026-09-'
SA@ 11267 '915 assertions 與 本次 **283 度目枠** 2026-09-'
SA@ 48259 '915 assertions 今回 **203 度目枠** 2026-09-07'
SA@ 48789 '915 assertions 今回 **202 度目枠** 2026-09-07'
SA@ 167570 '915 assertions. 0 failures, 0 errors.` J'
SA@ 206925 '915 assertions, 0 failures, 0 errors, JV'
SA@ 215130 '915 assertions, 0 failures, 0 errors, JV'
SA@ 218934 '915 assertions, 0 failures, 0 errors, JV'
SA@ 254972 '915 assertions, 0 failures, 0 errors, JV'
SA@ 257848 '915 assertions, 0 failures, 0 errors, JV'
SA@ 259415 '915 assertions, 0 failures, 0 errors, JV'
SA@ 261051 '915 assertions, 0 failures, 0 errors, ex'
SA@ 262709 '915 assertions, 0 failures, 0 errors, JV'
SA@ 265890 '915 assertions, 0 failures,  ư0 errors, '
SA@ 267596 '915 assertions, 0 failures, 0 errors, JV'
SA@ 269324 '915 assertions, 0 failures, 0 errors, JV'
SA@ 270929 '915 assertions, 0 failures, 0 errors, JV'
SA@ 272580 '915 assertions, 0 failures, 0 errors, JV'
SA@ 274380 '915 assertions, 0 failures, 0 errors, JV'
SA@ 276134 '915 assertions, 0 failures, 0 errors, JV'
SA@ 277695 '915 assertions, 0 failures, 0 errors, JV'
SA@ 279405 '915 assertions, 0 failures, 0 errors, JV'
SA@ 281056 '915 assertions,  ̄0 failures,JA ̄0 error'
