marker '| テスト ||3 ||' occurrences: [394, 10081, 11037]
  at 394 follow: '| テスト ||3 ||與 本次 **340 度目枠** 2026-09-08 2246 cron - load gate skip枠(負荷 22:46 uptime 1-min **55.'
  at 10081 follow: '| テスト ||3 ||與 本次 **330 度目枠** 2026-09-08 2032 cron - load gate skip枠 (負荷 20:32 uptime 1-min **37'
  at 11037 follow: '| テスト ||3 ||與 本次 **329 度目枠** 2026-09-08 2022 cron - load gate skip枠 (負荷 20:22 uptime 1-min **14'
first 339 度目 after marker at 1383
segment repr: '| テスト ||3 ||與 本次 **340 度目枠** 2026-09-08 2246 cron - load gate skip枠(負荷 22:46 uptime 1-min **55.06** / 5-min **41.43** / 15-min **31.00** (直叩き+リダイレクト回収, 22:44 pre-run 49.21/32.52/26.51) 全 window ≥20 で全 <20 不成立の為 高負荷続行 [直接 load/git + リダイレクト回収; 並行 tangle: frame-339 (2226) の evidence は uncommitted (ledger 行は 339 として反映済み) のため本枠 22:46 を重複枠なきよう **340** に正本化 重複枠なし]; HEAD は **3b29959** [338 度目枠 =2222 skip commit, src/ 変更なし - git diff HEAD -- src/ script/ 0 bytes で正本引用確認済], 引用先 287 実測を正本引用 [suite **131 度目実測**, HEAD e81a243] を実検収 (evidence/test-287-jvm.log [357/915 全緑 0 failures 0 errors JVM_EXIT=0] + test-287-nbb.log [357/915 全緑 17/17 ns TESTS-ON-NBB pass NBB_EXIT=0] + parity-287.log [38+20 cases 0 drift KOTOBA_PARITY_EXIT=0] + bench-287.log [同一 ArityException bench.clj:112 BENCH_EXIT=1 既知赤] との引用, 本枠 4 証跡を実検収), 反証枠: 高負荷のため新 falsify 未実施 (累積 反証 36・発覚 30 不変), スコア 3/3/3/3/2/1/1 変更なし, 本枠記録 evidence/2026-09-08-2246-maturity-remeasure-skip.md + 引用検収 evidence/skip-check-0908-2246.txt) 與 本次 **339 '
codepoints:
  0 0x7c
  1 0x20
  2 0x30c6
  3 0x30b9
  4 0x30c8
  5 0x20
  6 0x7c
  7 0x7c
  8 0x33
  9 0x20
  10 0x7c
  11 0x7c
  12 0x8207
  13 0x20
  14 0x672c
  15 0x6b21
  16 0x20
  17 0x2a
  18 0x2a
  19 0x33
  20 0x34
  21 0x30
  22 0x20
  23 0x5ea6
  24 0x76ee
  25 0x67a0
  26 0x2a
  27 0x2a
  28 0x20
  29 0x32
  30 0x30
  31 0x32
  32 0x36
  33 0x2d
  34 0x30
  35 0x39
  36 0x2d
  37 0x30
  38 0x38
  39 0x20
  40 0x32
  41 0x32
  42 0x34
  43 0x36
  44 0x20
  45 0x63
  46 0x72
  47 0x6f
  48 0x6e
  49 0x20
  50 0x2d
  51 0x20
  52 0x6c
  53 0x6f
  54 0x61
  55 0x64
  56 0x20
  57 0x67
  58 0x61
  59 0x74
  60 0x65
  61 0x20
  62 0x73
  63 0x6b
  64 0x69
  65 0x70
  66 0x67a0
  67 0x28
  68 0x8ca0
  69 0x8377
  70 0x20
  71 0x32
  72 0x32
  73 0x3a
  74 0x34
  75 0x36
  76 0x20
  77 0x75
  78 0x70
  79 0x74
  80 0x69
  81 0x6d
  82 0x65
  83 0x20
  84 0x31
  85 0x2d
  86 0x6d
  87 0x69
  88 0x6e
  89 0x20
  90 0x2a
  91 0x2a
  92 0x35
  93 0x35
  94 0x2e
  95 0x30
  96 0x36
  97 0x2a
  98 0x2a
  99 0x20
  100 0x2f
  101 0x20
  102 0x35
  103 0x2d
  104 0x6d
  105 0x69
  106 0x6e
  107 0x20
  108 0x2a
  109 0x2a
  110 0x34
  111 0x31
  112 0x2e
  113 0x34
  114 0x33
  115 0x2a
  116 0x2a
  117 0x20
  118 0x2f
  119 0x20
  120 0x31
  121 0x35
  122 0x2d
  123 0x6d
  124 0x69
  125 0x6e
  126 0x20
  127 0x2a
  128 0x2a
  129 0x33
  130 0x31
  131 0x2e
  132 0x30
  133 0x30
  134 0x2a
  135 0x2a
  136 0x20
  137 0x28
  138 0x76f4
  139 0x53e9
  140 0x304d
  141 0x2b
  142 0x30ea
  143 0x30c0
  144 0x30a4
  145 0x30ec
  146 0x30af
  147 0x30c8
  148 0x56de
  149 0x53ce
  150 0x2c
  151 0x20
  152 0x32
  153 0x32
  154 0x3a
  155 0x34
  156 0x34
  157 0x20
  158 0x70
  159 0x72
  160 0x65
  161 0x2d
  162 0x72
  163 0x75
  164 0x6e
  165 0x20
  166 0x34
  167 0x39
  168 0x2e
  169 0x32
  170 0x31
  171 0x2f
  172 0x33
  173 0x32
  174 0x2e
  175 0x35
  176 0x32
  177 0x2f
  178 0x32
  179 0x36
  180 0x2e
  181 0x35
  182 0x31
  183 0x29
  184 0x20
  185 0x5168
  186 0x20
  187 0x77
  188 0x69
  189 0x6e
  190 0x64
  191 0x6f
  192 0x77
  193 0x20
  194 0x2265
  195 0x32
  196 0x30
  197 0x20
  198 0x3067
  199 0x5168
  200 0x20
  201 0x3c
  202 0x32
  203 0x30
  204 0x20
  205 0x4e0d
  206 0x6210
  207 0x7acb
  208 0x306e
  209 0x70ba
  210 0x20
  211 0x9ad8
  212 0x8ca0
  213 0x8377
  214 0x7d9a
  215 0x884c
  216 0x20
  217 0x5b
  218 0x76f4
  219 0x63a5
  220 0x20
  221 0x6c
  222 0x6f
  223 0x61
  224 0x64
  225 0x2f
  226 0x67
  227 0x69
  228 0x74
  229 0x20
  230 0x2b
  231 0x20
  232 0x30ea
  233 0x30c0
  234 0x30a4
  235 0x30ec
  236 0x30af
  237 0x30c8
  238 0x56de
  239 0x53ce
  240 0x3b
  241 0x20
  242 0x4e26
  243 0x884c
  244 0x20
  245 0x74
  246 0x61
  247 0x6e
  248 0x67
  249 0x6c
  250 0x65
  251 0x3a
  252 0x20
  253 0x66
  254 0x72
  255 0x61
  256 0x6d
  257 0x65
  258 0x2d
  259 0x33
  260 0x33
  261 0x39
  262 0x20
  263 0x28
  264 0x32
  265 0x32
  266 0x32
  267 0x36
  268 0x29
  269 0x20
  270 0x306e
  271 0x20
  272 0x65
  273 0x76
  274 0x69
  275 0x64
  276 0x65
  277 0x6e
  278 0x63
  279 0x65
  280 0x20
  281 0x306f
  282 0x20
  283 0x75
  284 0x6e
  285 0x63
  286 0x6f
  287 0x6d
  288 0x6d
  289 0x69
  290 0x74
  291 0x74
  292 0x65
  293 0x64
  294 0x20
  295 0x28
  296 0x6c
  297 0x65
  298 0x64
  299 0x67
  300 0x65
  301 0x72
  302 0x20
  303 0x884c
  304 0x306f
  305 0x20
  306 0x33
  307 0x33
  308 0x39
  309 0x20
  310 0x3068
  311 0x3057
  312 0x3066
  313 0x53cd
  314 0x6620
  315 0x6e08
  316 0x307f
  317 0x29
  318 0x20
  319 0x306e
  320 0x305f
  321 0x3081
  322 0x672c
  323 0x67a0
  324 0x20
  325 0x32
  326 0x32
  327 0x3a
  328 0x34
  329 0x36
  330 0x20
  331 0x3092
  332 0x91cd
  333 0x8907
  334 0x67a0
  335 0x306a
  336 0x304d
  337 0x3088
  338 0x3046
  339 0x20
  340 0x2a
  341 0x2a
  342 0x33
  343 0x34
  344 0x30
  345 0x2a
  346 0x2a
  347 0x20
  348 0x306b
  349 0x6b63
  350 0x672c
  351 0x5316
  352 0x20
  353 0x91cd
  354 0x8907
  355 0x67a0
  356 0x306a
  357 0x3057
  358 0x5d
  359 0x3b
  360 0x20
  361 0x48
  362 0x45
  363 0x41
  364 0x44
  365 0x20
  366 0x306f
  367 0x20
  368 0x2a
  369 0x2a
  370 0x33
  371 0x62
  372 0x32
  373 0x39
  374 0x39
  375 0x35
  376 0x39
  377 0x2a
  378 0x2a
  379 0x20
  380 0x5b
  381 0x33
  382 0x33
  383 0x38
  384 0x20
  385 0x5ea6
  386 0x76ee
  387 0x67a0
  388 0x20
  389 0x3d
  390 0x32
  391 0x32
  392 0x32
  393 0x32
  394 0x20
  395 0x73
  396 0x6b
  397 0x69
  398 0x70
  399 0x20
  400 0x63
  401 0x6f
  402 0x6d
  403 0x6d
  404 0x69
  405 0x74
  406 0x2c
  407 0x20
  408 0x73
  409 0x72
  410 0x63
  411 0x2f
  412 0x20
  413 0x5909
  414 0x66f4
  415 0x306a
  416 0x3057
  417 0x20
  418 0x2d
  419 0x20
  420 0x67
  421 0x69
  422 0x74
  423 0x20
  424 0x64
  425 0x69
  426 0x66
  427 0x66
  428 0x20
  429 0x48
  430 0x45
  431 0x41
  432 0x44
  433 0x20
  434 0x2d
  435 0x2d
  436 0x20
  437 0x73
  438 0x72
  439 0x63
  440 0x2f
  441 0x20
  442 0x73
  443 0x63
  444 0x72
  445 0x69
  446 0x70
  447 0x74
  448 0x2f
  449 0x20
  450 0x30
  451 0x20
  452 0x62
  453 0x79
  454 0x74
  455 0x65
  456 0x73
  457 0x20
  458 0x3067
  459 0x6b63
  460 0x672c
  461 0x5f15
  462 0x7528
  463 0x78ba
  464 0x8a8d
  465 0x6e08
  466 0x5d
  467 0x2c
  468 0x20
  469 0x5f15
  470 0x7528
  471 0x5148
  472 0x20
  473 0x32
  474 0x38
  475 0x37
  476 0x20
  477 0x5b9f
  478 0x6e2c
  479 0x3092
  480 0x6b63
  481 0x672c
  482 0x5f15
  483 0x7528
  484 0x20
  485 0x5b
  486 0x73
  487 0x75
  488 0x69
  489 0x74
  490 0x65
  491 0x20
  492 0x2a
  493 0x2a
  494 0x31
  495 0x33
  496 0x31
  497 0x20
  498 0x5ea6
  499 0x76ee
  500 0x5b9f
  501 0x6e2c
  502 0x2a
  503 0x2a
  504 0x2c
  505 0x20
  506 0x48
  507 0x45
  508 0x41
  509 0x44
  510 0x20
  511 0x65
  512 0x38
  513 0x31
  514 0x61
  515 0x32
  516 0x34
  517 0x33
  518 0x5d
  519 0x20
  520 0x3092
  521 0x5b9f
  522 0x691c
  523 0x53ce
  524 0x20
  525 0x28
  526 0x65
  527 0x76
  528 0x69
  529 0x64
  530 0x65
  531 0x6e
  532 0x63
  533 0x65
  534 0x2f
  535 0x74
  536 0x65
  537 0x73
  538 0x74
  539 0x2d
  540 0x32
  541 0x38
  542 0x37
  543 0x2d
  544 0x6a
  545 0x76
  546 0x6d
  547 0x2e
  548 0x6c
  549 0x6f
  550 0x67
  551 0x20
  552 0x5b
  553 0x33
  554 0x35
  555 0x37
  556 0x2f
  557 0x39
  558 0x31
  559 0x35
  560 0x20
  561 0x5168
  562 0x7dd1
  563 0x20
  564 0x30
  565 0x20
  566 0x66
  567 0x61
  568 0x69
  569 0x6c
  570 0x75
  571 0x72
  572 0x65
  573 0x73
  574 0x20
  575 0x30
  576 0x20
  577 0x65
  578 0x72
  579 0x72
  580 0x6f
  581 0x72
  582 0x73
  583 0x20
  584 0x4a
  585 0x56
  586 0x4d
  587 0x5f
  588 0x45
  589 0x58
  590 0x49
  591 0x54
  592 0x3d
  593 0x30
  594 0x5d
  595 0x20
  596 0x2b
  597 0x20
  598 0x74
  599 0x65
  600 0x73
  601 0x74
  602 0x2d
  603 0x32
  604 0x38
  605 0x37
  606 0x2d
  607 0x6e
  608 0x62
  609 0x62
  610 0x2e
  611 0x6c
  612 0x6f
  613 0x67
  614 0x20
  615 0x5b
  616 0x33
  617 0x35
  618 0x37
  619 0x2f
  620 0x39
  621 0x31
  622 0x35
  623 0x20
  624 0x5168
  625 0x7dd1
  626 0x20
  627 0x31
  628 0x37
  629 0x2f
  630 0x31
  631 0x37
  632 0x20
  633 0x6e
  634 0x73
  635 0x20
  636 0x54
  637 0x45
  638 0x53
  639 0x54
  640 0x53
  641 0x2d
  642 0x4f
  643 0x4e
  644 0x2d
  645 0x4e
  646 0x42
  647 0x42
  648 0x20
  649 0x70
  650 0x61
  651 0x73
  652 0x73
  653 0x20
  654 0x4e
  655 0x42
  656 0x42
  657 0x5f
  658 0x45
  659 0x58
  660 0x49
  661 0x54
  662 0x3d
  663 0x30
  664 0x5d
  665 0x20
  666 0x2b
  667 0x20
  668 0x70
  669 0x61
  670 0x72
  671 0x69
  672 0x74
  673 0x79
  674 0x2d
  675 0x32
  676 0x38
  677 0x37
  678 0x2e
  679 0x6c
  680 0x6f
  681 0x67
  682 0x20
  683 0x5b
  684 0x33
  685 0x38
  686 0x2b
  687 0x32
  688 0x30
  689 0x20
  690 0x63
  691 0x61
  692 0x73
  693 0x65
  694 0x73
  695 0x20
  696 0x30
  697 0x20
  698 0x64
  699 0x72
  700 0x69
  701 0x66
  702 0x74
  703 0x20
  704 0x4b
  705 0x4f
  706 0x54
  707 0x4f
  708 0x42
  709 0x41
  710 0x5f
  711 0x50
  712 0x41
  713 0x52
  714 0x49
  715 0x54
  716 0x59
  717 0x5f
  718 0x45
  719 0x58
  720 0x49
  721 0x54
  722 0x3d
  723 0x30
  724 0x5d
  725 0x20
  726 0x2b
  727 0x20
  728 0x62
  729 0x65
  730 0x6e
  731 0x63
  732 0x68
  733 0x2d
  734 0x32
  735 0x38
  736 0x37
  737 0x2e
  738 0x6c
  739 0x6f
  740 0x67
  741 0x20
  742 0x5b
  743 0x540c
  744 0x4e00
  745 0x20
  746 0x41
  747 0x72
  748 0x69
  749 0x74
  750 0x79
  751 0x45
  752 0x78
  753 0x63
  754 0x65
  755 0x70
  756 0x74
  757 0x69
  758 0x6f
  759 0x6e
  760 0x20
  761 0x62
  762 0x65
  763 0x6e
  764 0x63
  765 0x68
  766 0x2e
  767 0x63
  768 0x6c
  769 0x6a
  770 0x3a
  771 0x31
  772 0x31
  773 0x32
  774 0x20
  775 0x42
  776 0x45
  777 0x4e
  778 0x43
  779 0x48
  780 0x5f
  781 0x45
  782 0x58
  783 0x49
  784 0x54
  785 0x3d
  786 0x31
  787 0x20
  788 0x65e2
  789 0x77e5
  790 0x8d64
  791 0x5d
  792 0x20
  793 0x3068
  794 0x306e
  795 0x5f15
  796 0x7528
  797 0x2c
  798 0x20
  799 0x672c
  800 0x67a0
  801 0x20
  802 0x34
  803 0x20
  804 0x8a3c
  805 0x8de1
  806 0x3092
  807 0x5b9f
  808 0x691c
  809 0x53ce
  810 0x29
  811 0x2c
  812 0x20
  813 0x53cd
  814 0x8a3c
  815 0x67a0
  816 0x3a
  817 0x20
  818 0x9ad8
  819 0x8ca0
  820 0x8377
  821 0x306e
  822 0x305f
  823 0x3081
  824 0x65b0
  825 0x20
  826 0x66
  827 0x61
  828 0x6c
  829 0x73
  830 0x69
  831 0x66
  832 0x79
  833 0x20
  834 0x672a
  835 0x5b9f
  836 0x65bd
  837 0x20
  838 0x28
  839 0x7d2f
  840 0x7a4d
  841 0x20
  842 0x53cd
  843 0x8a3c
  844 0x20
  845 0x33
  846 0x36
  847 0x30fb
  848 0x767a
  849 0x899a
  850 0x20
  851 0x33
  852 0x30
  853 0x20
  854 0x4e0d
  855 0x5909
  856 0x29
  857 0x2c
  858 0x20
  859 0x30b9
  860 0x30b3
  861 0x30a2
  862 0x20
  863 0x33
  864 0x2f
  865 0x33
  866 0x2f
  867 0x33
  868 0x2f
  869 0x33
  870 0x2f
  871 0x32
  872 0x2f
  873 0x31
  874 0x2f
  875 0x31
  876 0x20
  877 0x5909
  878 0x66f4
  879 0x306a
  880 0x3057
  881 0x2c
  882 0x20
  883 0x672c
  884 0x67a0
  885 0x8a18
  886 0x9332
  887 0x20
  888 0x65
  889 0x76
  890 0x69
  891 0x64
  892 0x65
  893 0x6e
  894 0x63
  895 0x65
  896 0x2f
  897 0x32
  898 0x30
  899 0x32
  900 0x36
  901 0x2d
  902 0x30
  903 0x39
  904 0x2d
  905 0x30
  906 0x38
  907 0x2d
  908 0x32
  909 0x32
  910 0x34
  911 0x36
  912 0x2d
  913 0x6d
  914 0x61
  915 0x74
  916 0x75
  917 0x72
  918 0x69
  919 0x74
  920 0x79
  921 0x2d
  922 0x72
  923 0x65
  924 0x6d
  925 0x65
  926 0x61
  927 0x73
  928 0x75
  929 0x72
  930 0x65
  931 0x2d
  932 0x73
  933 0x6b
  934 0x69
  935 0x70
  936 0x2e
  937 0x6d
  938 0x64
  939 0x20
  940 0x2b
  941 0x20
  942 0x5f15
  943 0x7528
  944 0x691c
  945 0x53ce
  946 0x20
  947 0x65
  948 0x76
  949 0x69
  950 0x64
  951 0x65
  952 0x6e
  953 0x63
  954 0x65
  955 0x2f
  956 0x73
  957 0x6b
  958 0x69
  959 0x70
  960 0x2d
  961 0x63
  962 0x68
  963 0x65
  964 0x63
  965 0x6b
  966 0x2d
  967 0x30
  968 0x39
  969 0x30
  970 0x38
  971 0x2d
  972 0x32
  973 0x32
  974 0x34
  975 0x36
  976 0x2e
  977 0x74
  978 0x78
  979 0x74
  980 0x29
  981 0x20
  982 0x8207
  983 0x20
  984 0x672c
  985 0x6b21
  986 0x20
  987 0x2a
  988 0x2a
  989 0x33
  990 0x33
  991 0x39
  992 0x20
