regex '339 度目' found at: 413
repr win: 'hot 実装済み。consensus 接続なし |\n| テスト ||3 ||與 本次 **339 度目枠** 2026-09-08'
codepoints:
0 0x68 'h'
1 0x6f 'o'
2 0x74 't'
3 0x20 ' '
4 0x5b9f '実'
5 0x88c5 '装'
6 0x6e08 '済'
7 0x307f 'み'
8 0x3002 '。'
9 0x63 'c'
10 0x6f 'o'
11 0x6e 'n'
12 0x73 's'
13 0x65 'e'
14 0x6e 'n'
15 0x73 's'
16 0x75 'u'
17 0x73 's'
18 0x20 ' '
19 0x63a5 '接'
20 0x7d9a '続'
21 0x306a 'な'
22 0x3057 'し'
23 0x20 ' '
24 0x7c '|'
25 0xa '\n'
26 0x7c '|'
27 0x20 ' '
28 0x30c6 'テ'
29 0x30b9 'ス'
30 0x30c8 'ト'
31 0x20 ' '
32 0x7c '|'
33 0x7c '|'
34 0x33 '3'
35 0x20 ' '
36 0x7c '|'
37 0x7c '|'
38 0x8207 '與'
39 0x20 ' '
40 0x672c '本'
41 0x6b21 '次'
42 0x20 ' '
43 0x2a '*'
44 0x2a '*'
45 0x33 '3'
46 0x33 '3'
47 0x39 '9'
48 0x20 ' '
49 0x5ea6 '度'
50 0x76ee '目'
51 0x67a0 '枠'
52 0x2a '*'
53 0x2a '*'
54 0x20 ' '
55 0x32 '2'
56 0x30 '0'
57 0x32 '2'
58 0x36 '6'
59 0x2d '-'
60 0x30 '0'
61 0x39 '9'
62 0x2d '-'
63 0x30 '0'
64 0x38 '8'
