'1425-maturity' -> 0
'303 に正本化し並行' -> 0
'frame 303' -> 0
'skip-check-0908-1425' -> 0
'**300 度目枠**' -> 1
'300 度目枠' -> 1
'302' -> 0
'本次' -> 50
total len 284011
--- first 500 chars ---
# torihiki 成熟度 (正本)

現在段階: L1 (execution layer + verifiable sequencer log 実装済み, consensus 未接続)

## 7 軸スコア (ADR-2608052000 準拠, 0-5)

| 軸 | score | 根拠 |
|---|---|---|
| spec/契約 | 3 | README に明示的な不変条件 (determinism 規則: 整数 i53, floor division 単一規則, ソート済み fold, 論理時刻, total ordering)。consensus 接続仕様は未 |
| 実装 | 3 | book / clearing / funding / liquidation / auth / log / snapshot 実装済み。consensus 接続なし |
| テスト | 3 | 両ランタイム実測 357 tests / 915 assertions | テスト | 3 | 両ランタイム実測 357 tests / 915 assertions 與 本次 **300
--- around any 302 occurrence ---
302 idx -1
