===FILES===
-rw-r--r--@ 1 junkawasaki  staff  551 Sep  8 10:28 bench-279.log
-rw-r--r--@ 1 junkawasaki  staff  142 Sep  8 10:29 parity-279.log
-rw-r--r--@ 1 junkawasaki  staff  614 Sep  8 10:27 test-279-jvm.log
-rw-r--r--@ 1 junkawasaki  staff  218 Sep  8 10:28 test-279-nbb.log

===JVM-TAIL===

Testing torihiki.trigger-test

Ran 357 tests containing 915 assertions.
0 failures, 0 errors.
JVM_EXIT=0

===NBB-TAIL===
namespaces 17/17

Ran 357 tests containing 915 assertions.
0 failures, 0 errors.
TESTS-ON-NBB: pass — the runtime that deploys ran the suite
NBB_EXIT=0

===PARITY===
fixed: 38 cases, 0 drift
fixed/result: 20 cases, 0 drift
KOTOBA-PARITY: pass — the compiled Wasm agrees with the .cljc oracle
PARITY_EXIT=0

===BENCH===
Boxed math warning, torihiki/bench.clj:105:17 - call: public static boolean clojure.lang.Numbers.isPos(java.lang.Object).
Boxed math warning, torihiki/bench.clj:114:45 - call: public static boolean clojure.lang.Numbers.isPos(java.lang.Object).
Execution error (ArityException) at torihiki.bench/run-tape (bench.clj:112).
BENCH_EXIT=1
