#'fuzz-seeded/run
#object[clojure.lang.Namespace 0x2eb60c71 "fuzz-seeded"]
#'fuzz-seeded/n-seeds
fuzz-seeded 24 blocks x 48 txs, 80 seeds, 6 accounts, 1 market, xorshift32
seed 0 ["ada0db865cf7fff8385722cad7d87a08babaf6ac71b32fe604ffe792426bc313" "d2ed4276a025f51d4c6d4924cc2829c94f9cdd064d1848497d108b3c6054c1dd" "9" "74" "17" "true"]
seed 1 ["3a9c8e43dde204f1b1ed2fb4e19fd2d97d4766c764b642f62f096d0fd992a99c" "2bfe9d95308abb43d7def440e9b1c3b29fc79d48a3441cfb7fdb88dbe3c36f83" "12" "87" "14" "true"]
seed 2 ["cdd1bcf10c35bc05b661f1a7de75cd028ea8133f508d7dee0c61bf64cbccb10a" "3d282deb4c1ef5cb64ad581061f62b87d45af414a50f46ee2f9e3affad64f3b1" "15" "85" "6" "true"]
seed 3 ["e09238956bb597cfe0df5a7d706d12a3ff55712d7f3971bb46272d4aebb4952d" "b4359842cce40a3e09b2e7f45b807b427deb3b959f88c8799e092ade17ad3a99" "11" "74" "11" "true"]
seed 4 ["cbb12df0887ea905a34f97f05b61f7b660950d32cce9664e6c6e97b7df09163f" "4c1f1ea9ba69c9a43ff06c8cacc2765bbb2f5860f4c099a6e93ad93a260d16dd" "39" "89" "1" "true"]
seed 5 ["fcf9748c3effb5ff678f39a5e7e5de8d0dabb3bbf3276d46f46a4b6c5764ca97" "188a987ff1cc8899f3831f3971d045a2f3e043609540276ff53ddc5570be4ce4" "14" "91" "4" "true"]
seed 6 ["4e0729d626a6fbebf66b7b33e69acc5ca9af9a8026c87563b676749159f443f3" "49d22b7baaf1f986a1433091432b350118bf7d99d5189fbc30591a04852b7bdb" "10" "63" "18" "true"]
seed 7 ["47a0a47382d10e977bd5bb6909a0a43be0017d8bbd320d432068cb1f534d107c" "7c97c0abbb6a8a5761dcd6e8a1b9761c54ef885e26743e73729c6ec684b8df4a" "7" "65" "10" "true"]
seed 8 ["176863a6f64b1e4c8e3cd76c841811142e881f9ed86acc2a0c6f6ccd1cab55f5" "224e09d72627b1e7f31229a49f926508ecdd682f7498a8b627095fe94395a00f" "12" "90" "18" "true"]
seed 9 ["23f95759d723968b7e5375394abc4340ef75b00f408f6d2e5014f7ed3e6c134a" "b5885e155f426bcb46df3366debc6fdab65d7f7ac84bb5935694dc980330a975" "16" "60" "16" "true"]
seed 10 ["ca6e75ba5991249c2cce611b1355ef7ada9f1e550787a202545c562ce746dc3a" "519794f2e437539f2788bbd35b1929bde228d3790020e2e4573ef5b0b6b81f8c" "7" "83" "11" "true"]
seed 11 ["367fc03ba6edea67408348dceb61e3e16eb88d0b8700b282fadf759108e6bcdd" "3208a3b76e498462b846d939bfeb0110fab48f31ae8cc76da889e5129e6cf00c" "6" "79" "12" "true"]
seed 12 ["e00c172e76e3155c2d0eb847639b53697bc2e67e4ba33c7f8e17696c60f981cb" "468b4cc27ca57846d45b5077522321dffd3c3202b5dce6fde70f71ddd6fdf00e" "10" "61" "21" "true"]
seed 13 ["88382b65a3ae645b216063429c85a47b7491ef1eaae0a8ab0a7ef1723c8bb30a" "c8f519e0a1ee6125c59fea14c0b3fc593bb0dd433d81ed39f39664a3d73e54e9" "7" "73" "7" "true"]
seed 14 ["f0ce36e9c060526364c5c828e10bb9005da99fbb2d74d883540f0dcbbe483948" "68dc64cf104fea4a2c6a4d5bd5caa7dafeb30d9070d076f7aa7bd7d45adea459" "5" "66" "11" "true"]
seed 15 ["b77e072cd6d4ae4edaf7e7b0f165ea736e011439f2f0fa50b60a88eff0ba89f6" "ec5590f72f1930a0bd30ba037fc98b209d918b8ad7a9d8ae516e4e995c45c1f1" "6" "43" "13" "true"]
seed 16 ["0965c472e64cd1807acf387e3159927a7d617585c4912edb58543fae40d09fa4" "3b94e2f5f8e93b99683c527a305a69730e12746a3c8bd35fdcfb42f5278e0374" "28" "80" "3" "true"]
seed 17 ["e29889b154f51ab218ccfd6a2c796b0500f32312ae8dcaa4dc0f2f68ea873cea" "68124cf3aa3da8e314d254e123e2f4aacedc914d8306bf09b1af64ebbdc425bc" "45" "94" "10" "true"]
seed 18 ["2eefd49c475ef7294fba2f3aca045228323893080bae62e83a865d7ce2d778c1" "7a194fe3fe10b171305b93f750578fd02545e1c7bb0fb0ca603e24b61937ca05" "12" "84" "14" "true"]
seed 19 ["d3fd814811f9a0d3c2c841a45446cba210483a496f44cacf8cd718a686fb36fe" "e872ededda7317cd829ef44cd9e305630ca66f2ea497e1665cbd52a250b619c4" "17" "65" "24" "true"]
seed 20 ["532f581b82836cc6b96924e2df8968bf004bf06609ea4fb32c23e35ebd7f65c2" "a9fe2d57ec9036ef7a32c178328b65e16c3887f03574fec0c07d6d0b3210e618" "29" "90" "4" "true"]
seed 21 ["05d88d781787a406e15cf81c3ea50757e2cc9ea113d7dbb8c2bd0391a1555479" "6660c6b7393b1a955524278fa2ebf15b4202da36546ff857c795eb29e18224f7" "40" "101" "8" "true"]
seed 22 ["6f8c0cdc80efd97d0fb5b25d3a3667575a7e01ce32ee0690453309fb8c494960" "f9a3be87913a2486cc2d5b0f4314214050a9ab9a2c0266b17938c7efabd2321b" "15" "75" "8" "true"]
seed 23 ["e2ed60d9f560e0b1cb699bf77f8ce2464392e2f66ecb66820833e69fc51f4937" "7a9cea675256389340d809b67114c7b75b88ec0d8283d305f709eb3810b747b2" "10" "85" "13" "true"]
seed 24 ["f89e23a526631d7b37261ecb541a2e83ac5e72f00b7be04453be38b20e86b3d9" "20cf3990091d1cf422aebd70c33fdea1c63d7c77f551dd28ad92ae25f0d37e89" "19" "77" "11" "true"]
seed 25 ["0108f73e5177ab6b24b406ed5e010a85740b22fd921ef91e8713e1c8306f4878" "884206c2ea466be7c8b7145f91e28719aa3dba274af166b133374fdef9e39cea" "15" "82" "6" "true"]
seed 26 ["4cb61372b134bea103f0d946bc99249904cb9a6a389a780102ba0d88a2147381" "bef9537af030b9fb2d20c7c4a74ee6931224d95e8c7ee40c83baf6d71ebd7ca9" "8" "63" "12" "true"]
seed 27 ["9c695ed8ac8726b589a3180b3cc31b0f491e81c4c9f3b6eb9ab074854b50868c" "6118f23de7bc0132f25eb5139f612fdb88df5262ef78c86fc367ab40ec12618c" "16" "56" "8" "true"]
seed 28 ["0d8fcad2b163ea2f7eaa0b2077c8b81ab5266935572560c2e7ded8debbb2f654" "58c485e892255069a61816c843bd2956b22d0a8eb90e4602a388e0c705410614" "15" "77" "7" "true"]
seed 29 ["ad8a5ce43c06d6418749cfca43146100fc82525905cb241a79915fdfb8753dbf" "3ab95a55fa22546373f3eb98a10f8df564cf79657b11f71ce5181c498515b13c" "11" "70" "14" "true"]
seed 30 ["dff8a163bbe01ac7e2d685d200219d226cbd010be97244a88155108f83fbd65c" "59779807a2c8e5d12211da5d0a27ce46974839419d36ae03315b6a4ea91411d8" "3" "71" "12" "true"]
seed 31 ["7fe321d0aa5a74321dde7409a9a2b73562487c22519edd4cf6def27ab0a2f792" "e0b46c92840c7e7f1c94905f1dd298574a8135b6efda58dc56a07bd38d4fe67c" "11" "78" "20" "true"]
seed 32 ["e6a57ad8540c2ea2faa2fca69151b81cf65bcb1abccf6335a600c2bdd0ff2cdf" "c63b3533e4a8c589eba82b7384bfb0073b72f8a3f55ca7a9fe165f8aa136ed9a" "24" "98" "11" "true"]
seed 33 ["24c42e232aaf7f6058fc623da74b9a7b81ee1acd2e29bbef1e6c5dea63dbec24" "0cda97f7dc4667b09fda05445f08351b3b4f5258b5e65c4fdf6e198deef4635b" "31" "69" "15" "true"]
seed 34 ["c1b730bcfc4ade6da93c3c7dbaf5ef46fab3bb3f223cd5a0efacdfadfc4cc834" "3fdf80c070535df076a0776a51365283698b1e81ad6e4fd4562c2641a40d8fa2" "12" "89" "13" "true"]
seed 35 ["3c54138175147db4b4d1a09f36feb31b2351fecfb8157f0587de1c1492c8e9fb" "1caeb7f83b88c18bfea89a40421a8d156d30e171e8c1f6c3d6861a2530a7a579" "8" "77" "10" "true"]
seed 36 ["635322a2a1e3a728c5b15b676c80b0573e54add130bab2881314b5acb9ba3672" "de3a1b22899b809a1b110b1d6bd87e853a9a8a4ec5522157948292f97baac2b7" "29" "68" "9" "true"]
seed 37 ["b9874cd234fee8e93cb4e2b721f626f5bce07f1238720f1c6bf8dacf8b3ba369" "383b823cdc275bdc5d776d20cce21515eb2e6cd0ee6da43405c9b1663f0a2c81" "3" "77" "14" "true"]
seed 38 ["4b1cd89bd7ee8fc5f01589b89ece6a8fec897c9e5cf9cc45161569bfa5e451d7" "f4d1ab54b08dde2416fdc74b8ea7794a33853cec4b92c5e08c103c9be6a42360" "10" "56" "16" "true"]
seed 39 ["8869af02d2158a09b40164a312ba47041ce71df6d9d69afe769984a115bc70f5" "54406cbd0004d1678626b2c76a7eafab918cc9343a10c998809a3910b6882d58" "13" "61" "15" "true"]
seed 40 ["5c808a0240d2717422ffd4c6ed02f1746a8bbd493065eb55dab088d6050438d9" "ffea3308714b1b5e2d966bd3b1d8cbf5c41b67173d6ae0ddbc6c0b23169ac294" "9" "99" "13" "true"]
seed 41 ["97c17e7a6d0830f718d07e8c6be0568c11a28907b5124de9de653accb7382ea0" "3ee7552f08184ea20418f8b188538beeac760d514e3459de20b3f561f686ec84" "15" "73" "13" "true"]
seed 42 ["7d874b970a3f86de0df5b66bec32733d38b4d73e857dfe58be191d2a33da73eb" "c438e53e05a73b1859f533345b0f7ac5d91035e7bcb2b0fcb43e4f84c26f57f2" "18" "79" "16" "true"]
seed 43 ["0667c27c1085e9dd280759545b0a63e3403453829554dbc2b9b1fb0097e0c798" "111bdd479e4fe9fd71b66010b4cdbbbe014c40708b1a610f89a60ce19480a9cc" "14" "71" "12" "true"]
seed 44 ["1d505e8ae9887d78542e3f3c5779775261a027a51270941863e09026edfe271c" "9d77c016d6a73dcbbe1148cfc0f3c0a40fd902cfdf849477ba4eaf1e5ac86769" "7" "76" "8" "true"]
seed 45 ["6e4679fe6f83c299abec705bcadc2b66259ace830b6da72480fee0105c80725c" "ed2f289037238de5f6ad3c0bee8258c26b986b6bc691336e43c2c0c2e75ed38f" "17" "69" "13" "true"]
seed 46 ["2445531dd5d1bfeb40a34011e97eb5ebe03b6e609e69eb06b444aab3b589af69" "3aa767286399765a42ae335f447ac5006a5aee5a5bd2c0ead0a695bdf2118138" "12" "59" "19" "true"]
seed 47 ["967fd76fddad5647df4bd8a6af5cd58e346720e46fb7134022a36c4826cca82f" "53d17aa554e3b8f2fa2e4046f8e79cecc1b964f9aeb1eb306afe9d7cffc414a8" "5" "74" "18" "true"]
seed 48 ["847a09394aa9188b639b507b28d6625755b97698238c41690083ccfcca1e3289" "d994625033b8101eeeda2cf5c2d7385f55e0ca60da13f89db5c05a5e3755c621" "8" "70" "8" "true"]
seed 49 ["702b2f65840e516ba4e146abca6237974f73d0292a8d28439961828e8c930cf6" "9a513130d5000f3aa3350635f1d5d5f7bbab44275bcd7902b90d73e2de9c38e1" "22" "66" "10" "true"]
seed 50 ["4828abeb3bc4d69a90f11a419f293abf1fb282002a3b7e2a799b3329707afee7" "20394cbaa9728f2887fbcc9755192b8905db2c00fe7ab583bb1acfb664d70b3d" "12" "67" "18" "true"]
seed 51 ["62a95d2ba4b6c77fe8ef5845d2b932982498a27ba312c5c003a7b799338f4036" "13e578bc494917609816159e032190007dd3f31df22a6efe151f90546215c719" "13" "63" "11" "true"]
seed 52 ["7476cc5095336d7daf6b34743bbe8e8a24995e667b4017298c0a5fa616a9da7c" "146357c514544a6ac091e15704eda85fd5bece9953d19450f3228ce2b5b1775a" "15" "73" "18" "true"]
seed 53 ["18a5b55631595c7d37029370df90c0ae20db18947ba6f790ca287358895ad1ae" "a3afd80ad09af9b4079e1c96a0260bbe3588655a630a6a896e3ee49940909ce1" "18" "72" "11" "true"]
seed 54 ["aba456ba924cad4b705a75b8243180ddd451c3ac985381975b57851ea117ef3d" "a94b6df01c515ddcd499d8e72f6f4a8b40409bca1153430da13f1eddcb43cf81" "11" "69" "17" "true"]
seed 55 ["907e8843b4f40365c3ea42a3668f5dc5f7c99808ef3e4cf8284685805bcbd2e8" "b93bbb6c911d7731eda958b563e55396ac7e9da6a7e1573a2238528726ad0e16" "16" "62" "13" "true"]
seed 56 ["b4db3a7f02a331b82367e16f5276d9d8fed5a80ca87b34abb48f03c34a96ae3d" "a488c5abba79460604dbe4cbefc5922a0fc9a0587e11b35be71566a0c45e682a" "13" "68" "15" "true"]
seed 57 ["000d84d3584782389f59d9e50187df3ff2feae74db1150b64fcecc7488a141f1" "0f15bcc70e0d2c9e2203379bf41fa308fc4c74e71e0b1f2078156e107e9dee2a" "9" "71" "12" "true"]
seed 58 ["4c0e62c64f9f8e9f578d226fbb8524322a176273e8d608c925ae695f56458f2c" "02daacf3d11a321403d3cadc5c13059ff636ebc4e219a86c8c41a44dbbd1093c" "13" "75" "15" "true"]
seed 59 ["28aef78fe5f842af8043134f8f367dfb9720482d66fd1ec01aa3ae5474aa9250" "23794cfb5a9243272b5d2794cb0f5db7d4959300178921454fcea9a38a924915" "9" "76" "8" "true"]
seed 60 ["b0795eb8405b93399bbeb9ef4f06460da7e26ae8d69f3284729861ec7ba33f57" "a20f2125a34449eed5ae66884123f074ea3c03bf7834e52b43ee7d2ea00610c9" "16" "62" "12" "true"]
seed 61 ["68fbc2c27c1ec8fb5abbf8a2513ed69146b08c378196a957ee35804b26127576" "329f211a14b6765b55479b3516217ef3d7ef02ef6c1b5149ee1c53965a1311f0" "8" "78" "10" "true"]
seed 62 ["d5e433cd3bee299f6076bb20178af3230a30382853fbe5dedf085da40f7af047" "c77e49f84d827212006f57a218b5ae8f8d7faaae9879748e80d566324823cb71" "8" "68" "18" "true"]
seed 63 ["471062e6b06bffcb945fdfe6d5d9754b78281cdaf744363c067b5dc567de3776" "fd127bc70bdffdfa55f4b7370f6d93d2ee3eadf99e1f3c7370c6ddd81be155a0" "5" "59" "11" "true"]
seed 64 ["242e3c5732efbffebd8c2a630d8476b64a6d4d6d9cb4ce32ebaac2b4b94f52d3" "a495c11c8b11721dad01326593ee235f5d4c1b0db15b6f11da609f647bae1991" "18" "77" "2" "true"]
seed 65 ["4383b6de7ac26431e1a916fda26a9cee79f8413e20844fc628bdbd3fc373b197" "562a9e8b67647043a42acea43e62e7cb723658d83ab611780c0f48577ea3e705" "33" "91" "1" "true"]
seed 66 ["d11b017db566fc38ca16704e2638717990587d871d56bbd3f5bba40f8ae8cafe" "8822cd6a114f517b83e6223488835d8bf28ef9f002c88fea1d2af24d51767d7b" "15" "63" "7" "true"]
seed 67 ["0e2845707872f920d92f4ef2c81ede4b781700faa5cd8d4ae902c0369afc2ead" "687e80677d0fcc4dda0b22c89264c24b867602e263b1b8514cce9017ff3a606d" "26" "71" "9" "true"]
seed 68 ["115e756396ddc07db88586853d8c3a1658309600fca1b19147d906802a5c55f3" "23b7cc0a5c6d0afc10d579736ee039af1d1af4318ca562dcfeb8c5eea346a4ab" "4" "73" "19" "true"]
seed 69 ["83245eabb11971a972b51e566ea817db34d1e2ec4943f998e5d528c7b38de00f" "8b89f888dc7b334687cec399a31bac5652f8e75d72027b316a236ede49d38323" "20" "100" "9" "true"]
seed 70 ["d2fe9a05a7722e046e4cc799973e98dfc0a2366fbe12017a873c02b8bcc1f09a" "8d37a65beec7f1fd671525b5f3c2607d2d453cd575a8eb1afef69c89dce2d7b2" "19" "79" "7" "true"]
seed 71 ["25047351c3ccdcc37c5c5e0b45386870b78e16571618cb97730cbb1010764ade" "96edc3a58fd0a2ac864f6417bddadafbcdd4a3f418783c732250816d8c2305ab" "18" "67" "17" "true"]
seed 72 ["d072cbc5e3cdcbd304d7b9e115eee5929684b0f7c7a4725e582110b13ff3f9a1" "5ec9dd92e2accc4d12f6c7fde2f5d49695237601180d3293a72f3ab27eec76c1" "21" "85" "13" "true"]
seed 73 ["bb193e56d9741af1ce7b9b6d6741513606a4f7d0091a210b8c63a7d6869d0baf" "de90e5ac0e746373b40285616008f718a9d680ea29ae5f84a87bd750e4124708" "12" "79" "8" "true"]
seed 74 ["b17f7c80e4263b9c2ab41b546a3a72b1843d0a3f79a586bfad78da6f28048907" "7d73af07574d9d9b063b1c99aac4fc80958e205cb0b9f32ea4d5f7eee78ebf36" "11" "54" "22" "true"]
seed 75 ["9f6984d04131492f443337ccc3fc6a066c7fec441665781f8c67dc3e9aeea343" "49e7cf51ad6b348a4e23d290333376089a167bf3c3025b9dcbae30aae0006d86" "11" "70" "14" "true"]
seed 76 ["5476f64f810f5283b89d97b678bd5676ab6fdd35f9d45aec71064ba772a83a0a" "b655a522d06963baf140e06a4ae72d14a40d140b29548b551b1730347e9a0e89" "17" "56" "9" "true"]
seed 77 ["1bd0dbb44f126bcb0a4b6f3e66a79ef6001d69b61f92ca688d2fcbdc82ff6ea7" "dd5da3e6ae159c98bbe5d4dcc048a1aad230caa6d33bd2fc0f274c8fb97ad212" "31" "71" "13" "true"]
seed 78 ["2f1312ab729f2d741795ece7dabb5d95a9bb060388a59fe112c688693401633b" "63a30317e3d5de6de40cc15c1022826a24e52c77eba504fe284d189c67386fb7" "3" "71" "8" "true"]
seed 79 ["3ad679dc169a3fdb37b0cdd292f11668f0ff405629aed74a99ef46a505a097a0" "ff7a99bc352321f6e58237a8bece520cf7a3a789cfd4bffd85b5bb9963cca8ce" "8" "70" "21" "true"]
done
